// Jest Snapshot v1, https://goo.gl/fbAQLP

exports[`NewTemplateSyncFormSelectors should return initial form values 1`] = `
Object {
  "export": Object {
    "filter": "",
    "negate": false,
    "repo": "https://github.com/theforeman/community-templates.git",
  },
  "import": Object {
    "associate": "new",
    "force": false,
  },
}
`;
