// Jest Snapshot v1, https://goo.gl/fbAQLP

exports[`SyncSettingFields should show export settings 1`] = `
<Fragment>
  <SyncSettingField
    disabled={false}
    key="filter"
    resetField={[Function]}
    setting={
      Object {
        "description": "Import or export names matching this regex (case-insensitive; snippets are not filtered)",
        "id": 47,
        "name": "filter",
        "settingsType": "string",
        "value": "",
      }
    }
    syncType="export"
  />
  <SyncSettingField
    disabled={false}
    key="negate"
    resetField={[Function]}
    setting={
      Object {
        "description": "Negate the filter for export",
        "id": 48,
        "name": "negate",
        "settingsType": "bool",
        "value": false,
      }
    }
    syncType="export"
  />
  <SyncSettingField
    disabled={false}
    key="repo"
    resetField={[Function]}
    setting={
      Object {
        "description": "Target path to import and export.<br>Different protocols can be used, for example /tmp/dir, git://example.com, https://example.com, ssh://example.com.<br>When exporting to /tmp, note that production deployments may be configured to use private tmp.",
        "id": 49,
        "name": "repo",
        "required": true,
        "settingsType": "string",
        "value": "https://github.com/theforeman/community-templates.git",
      }
    }
    syncType="export"
  />
</Fragment>
`;

exports[`SyncSettingFields should show import settings 1`] = `
<Fragment>
  <SyncSettingField
    disabled={false}
    key="associate"
    resetField={[Function]}
    setting={
      Object {
        "description": "Associate templates to OS, organization and location",
        "id": 45,
        "name": "associate",
        "selection": Array [
          Object {
            "label": "New",
            "value": "new",
          },
          Object {
            "label": "Never",
            "value": "never",
          },
          Object {
            "label": "Always",
            "value": "always",
          },
        ],
        "settingsType": "string",
        "value": "new",
      }
    }
    syncType="import"
  />
  <SyncSettingField
    disabled={false}
    key="force"
    resetField={[Function]}
    setting={
      Object {
        "description": "Should importing overwrite locked templates?",
        "id": 46,
        "name": "force",
        "settingsType": "bool",
        "value": false,
      }
    }
    syncType="import"
  />
</Fragment>
`;
