// Jest Snapshot v1, https://goo.gl/fbAQLP

exports[`SyncTypeRadios should render 1`] = `
<CommonForm
  className=""
  inputClassName="col-md-6"
  label="Test radios"
>
  <Radio
    bsClass="radio"
    checked={false}
    disabled={false}
    inline={true}
    key="0"
    onChange={[Function]}
    title="A"
    value="a"
  >
    A
  </Radio>
  <Radio
    bsClass="radio"
    checked={true}
    disabled={false}
    inline={true}
    key="1"
    onChange={[Function]}
    title="B"
    value="b"
  >
    B
  </Radio>
  <Radio
    bsClass="radio"
    checked={false}
    disabled={false}
    inline={true}
    key="2"
    onChange={[Function]}
    title="C"
    value="c"
  >
    C
  </Radio>
</CommonForm>
`;
